/home/texsols/miniconda3/envs/antifold_cpu/lib/python3.9/site-packages/networkx/utils/backends.py:135: RuntimeWarning: networkx backend defined more than once: nx-loopback
  backends.update(_get_backends("networkx.backends"))
[2025-04-01 17:50:03,759] Running inverse folding on PDB/CIFs ...
[2025-04-01 17:50:03,760] Will sample 10 sequences from 1 PDBs at temperature(s) [0.2] and regions: ['CDR1,CDR2,CDR3']
[2025-04-01 17:50:05,753] Loaded model to cpu.
[2025-04-01 17:50:05,755] Reading in (1) PDBs from DataFrame
[2025-04-01 17:50:05,845] Predicting batch 1/1: PDBs 1-1 out of 1 total
[2025-04-01 17:50:11,662] Saving 1 CSVs to antifold_output
[2025-04-01 17:50:11,666] Writing 85b7f54b-bc64-4ccb-99b3-e7d968e2a4c8_8ee8_imgt_CD per-residue log probs CSV to antifold_output/85b7f54b-bc64-4ccb-99b3-e7d968e2a4c8_8ee8_imgt_CD.csv
[2025-04-01 17:50:11,684] 85b7f54b-bc64-4ccb-99b3-e7d968e2a4c8_8ee8_imgt_CD: , score=0.9257, global_score=0.9257, regions=['CDR1,CDR2,CDR3'], model_name=AntiFold, seed=42
[2025-04-01 17:50:11,697] 85b7f54b-bc64-4ccb-99b3-e7d968e2a4c8_8ee8_imgt_CD__1: T=0.20, sample=1, score=nan, global_score=0.9257, seq_recovery=1.0000, mutations=0
[2025-04-01 17:50:11,709] 85b7f54b-bc64-4ccb-99b3-e7d968e2a4c8_8ee8_imgt_CD__2: T=0.20, sample=2, score=nan, global_score=0.9257, seq_recovery=1.0000, mutations=0
[2025-04-01 17:50:11,721] 85b7f54b-bc64-4ccb-99b3-e7d968e2a4c8_8ee8_imgt_CD__3: T=0.20, sample=3, score=nan, global_score=0.9257, seq_recovery=1.0000, mutations=0
[2025-04-01 17:50:11,732] 85b7f54b-bc64-4ccb-99b3-e7d968e2a4c8_8ee8_imgt_CD__4: T=0.20, sample=4, score=nan, global_score=0.9257, seq_recovery=1.0000, mutations=0
[2025-04-01 17:50:11,744] 85b7f54b-bc64-4ccb-99b3-e7d968e2a4c8_8ee8_imgt_CD__5: T=0.20, sample=5, score=nan, global_score=0.9257, seq_recovery=1.0000, mutations=0
[2025-04-01 17:50:11,755] 85b7f54b-bc64-4ccb-99b3-e7d968e2a4c8_8ee8_imgt_CD__6: T=0.20, sample=6, score=nan, global_score=0.9257, seq_recovery=1.0000, mutations=0
[2025-04-01 17:50:11,766] 85b7f54b-bc64-4ccb-99b3-e7d968e2a4c8_8ee8_imgt_CD__7: T=0.20, sample=7, score=nan, global_score=0.9257, seq_recovery=1.0000, mutations=0
[2025-04-01 17:50:11,788] 85b7f54b-bc64-4ccb-99b3-e7d968e2a4c8_8ee8_imgt_CD__8: T=0.20, sample=8, score=nan, global_score=0.9257, seq_recovery=1.0000, mutations=0
[2025-04-01 17:50:11,800] 85b7f54b-bc64-4ccb-99b3-e7d968e2a4c8_8ee8_imgt_CD__9: T=0.20, sample=9, score=nan, global_score=0.9257, seq_recovery=1.0000, mutations=0
[2025-04-01 17:50:11,812] 85b7f54b-bc64-4ccb-99b3-e7d968e2a4c8_8ee8_imgt_CD__10: T=0.20, sample=10, score=nan, global_score=0.9257, seq_recovery=1.0000, mutations=0
[2025-04-01 17:50:11,816] Saving to antifold_output/85b7f54b-bc64-4ccb-99b3-e7d968e2a4c8_8ee8_imgt_CD.fasta
