nohup: ignoring input
 * Serving Flask app 'backend.app'
 * Debug mode: on
2025-04-04 13:28:38,951 - INFO - [31m[1mWARNING: This is a development server. Do not use it in a production deployment. Use a production WSGI server instead.[0m
 * Running on all addresses (0.0.0.0)
 * Running on http://127.0.0.1:5000
 * Running on http://10.2.0.5:5000
2025-04-04 13:28:38,951 - INFO - [33mPress CTRL+C to quit[0m
2025-04-04 13:28:38,952 - INFO -  * Restarting with stat
2025-04-04 13:28:39,508 - WARNING -  * Debugger is active!
2025-04-04 13:28:39,509 - INFO -  * Debugger PIN: 105-392-090
2025-04-04 13:28:53,720 - INFO -  * Detected change in '/home/texsols/BioTasks/backend/app.py', reloading
2025-04-04 13:28:53,803 - INFO -  * Restarting with stat
2025-04-04 13:28:54,332 - WARNING -  * Debugger is active!
2025-04-04 13:28:54,332 - INFO -  * Debugger PIN: 105-392-090
2025-04-04 13:29:00,488 - INFO - Starting ColabDock task ID: 13a1540d-e6fa-471f-88fe-160d0ca028b1
2025-04-04 13:29:00,488 - INFO - Executing ColabDock command:

    source ~/miniconda3/etc/profile.d/conda.sh &&
    conda activate colabdock &&
    cd /home/texsols/BioTasks/ColabDock &&
    cp "/home/texsols/BioTasks/uploads/13a1540d-e6fa-471f-88fe-160d0ca028b1_AF-A0A7L5GP87-F1-model_v4.pdb" ./input.pdb &&
    python main.py -c config.py > "/home/texsols/BioTasks/outputs/colabdock_output/13a1540d-e6fa-471f-88fe-160d0ca028b1/13a1540d-e6fa-471f-88fe-160d0ca028b1.log" 2>&1 &&
    mv results/* "/home/texsols/BioTasks/outputs/colabdock_output/13a1540d-e6fa-471f-88fe-160d0ca028b1/"
    
/bin/bash: line 4: cd: /home/texsols/BioTasks/ColabDock: No such file or directory
2025-04-04 13:29:01,184 - INFO - 152.59.197.180 - - [04/Apr/2025 13:29:01] "POST /v1/api/colabdock/dock HTTP/1.1" 200 -
2025-04-04 13:30:49,940 - INFO -  * Detected change in '/home/texsols/BioTasks/backend/services/colabdock_service.py', reloading
Detected Task Type: colabdock_output
2025-04-04 13:30:50,017 - INFO -  * Restarting with stat
2025-04-04 13:30:50,571 - WARNING -  * Debugger is active!
2025-04-04 13:30:50,571 - INFO -  * Debugger PIN: 105-392-090
2025-04-04 13:31:08,845 - INFO -  * Detected change in '/home/texsols/BioTasks/backend/services/colabdock_service.py', reloading
2025-04-04 13:31:08,928 - INFO -  * Restarting with stat
2025-04-04 13:31:09,512 - WARNING -  * Debugger is active!
2025-04-04 13:31:09,512 - INFO -  * Debugger PIN: 105-392-090
2025-04-04 13:31:20,363 - INFO - Starting ColabDock task ID: 3abc6eaa-42bc-4330-bc52-c2ce1de1e122
2025-04-04 13:31:20,363 - INFO - Executing ColabDock command:

    source ~/miniconda3/etc/profile.d/conda.sh &&
    conda activate colabdock &&
    cd /home/texsols/BioTasks/tasks/ColabDock &&
    cp "/home/texsols/BioTasks/uploads/3abc6eaa-42bc-4330-bc52-c2ce1de1e122_AF-A0A7L5GP87-F1-model_v4.pdb" ./input.pdb &&
    python main.py -c config.py > "/home/texsols/BioTasks/outputs/colabdock_output/3abc6eaa-42bc-4330-bc52-c2ce1de1e122/3abc6eaa-42bc-4330-bc52-c2ce1de1e122.log" 2>&1 &&
    mv results/* "/home/texsols/BioTasks/outputs/colabdock_output/3abc6eaa-42bc-4330-bc52-c2ce1de1e122/"
    
2025-04-04 13:38:12,605 - INFO -  * Detected change in '/home/texsols/BioTasks/backend/services/colabdock_service.py', reloading
2025-04-04 13:38:12,714 - INFO -  * Restarting with stat
2025-04-04 13:38:14,218 - WARNING -  * Debugger is active!
2025-04-04 13:38:14,218 - INFO -  * Debugger PIN: 105-392-090
2025-04-04 13:38:19,346 - INFO -  * Detected change in '/home/texsols/BioTasks/backend/services/colabdock_service.py', reloading
2025-04-04 13:38:19,440 - INFO -  * Restarting with stat
2025-04-04 13:38:20,080 - WARNING -  * Debugger is active!
2025-04-04 13:38:20,081 - INFO -  * Debugger PIN: 105-392-090
2025-04-04 13:38:21,142 - INFO -  * Detected change in '/home/texsols/BioTasks/backend/services/colabdock_service.py', reloading
2025-04-04 13:38:21,282 - INFO -  * Restarting with stat
2025-04-04 13:38:21,869 - WARNING -  * Debugger is active!
2025-04-04 13:38:21,871 - INFO -  * Debugger PIN: 105-392-090
2025-04-04 13:38:23,935 - INFO -  * Detected change in '/home/texsols/BioTasks/backend/services/colabdock_service.py', reloading
2025-04-04 13:38:24,031 - INFO -  * Restarting with stat
2025-04-04 13:38:24,643 - WARNING -  * Debugger is active!
2025-04-04 13:38:24,644 - INFO -  * Debugger PIN: 105-392-090
2025-04-04 13:38:27,751 - INFO -  * Detected change in '/home/texsols/BioTasks/backend/services/colabdock_service.py', reloading
2025-04-04 13:38:27,873 - INFO -  * Restarting with stat
2025-04-04 13:38:28,507 - WARNING -  * Debugger is active!
2025-04-04 13:38:28,508 - INFO -  * Debugger PIN: 105-392-090
2025-04-04 13:38:29,557 - INFO -  * Detected change in '/home/texsols/BioTasks/backend/services/colabdock_service.py', reloading
2025-04-04 13:38:29,649 - INFO -  * Restarting with stat
2025-04-04 13:38:30,258 - WARNING -  * Debugger is active!
2025-04-04 13:38:30,258 - INFO -  * Debugger PIN: 105-392-090
2025-04-04 13:38:34,369 - INFO -  * Detected change in '/home/texsols/BioTasks/backend/services/colabdock_service.py', reloading
2025-04-04 13:38:34,460 - INFO -  * Restarting with stat
2025-04-04 13:38:35,088 - WARNING -  * Debugger is active!
2025-04-04 13:38:35,089 - INFO -  * Debugger PIN: 105-392-090
2025-04-04 13:38:41,237 - INFO -  * Detected change in '/home/texsols/BioTasks/backend/services/colabdock_service.py', reloading
2025-04-04 13:38:41,335 - INFO -  * Restarting with stat
2025-04-04 13:38:41,972 - WARNING -  * Debugger is active!
2025-04-04 13:38:41,975 - INFO -  * Debugger PIN: 105-392-090
2025-04-04 13:38:48,160 - INFO -  * Detected change in '/home/texsols/BioTasks/backend/routes/colabdock.py', reloading
2025-04-04 13:38:48,278 - INFO -  * Restarting with stat
2025-04-04 13:38:48,892 - WARNING -  * Debugger is active!
2025-04-04 13:38:48,893 - INFO -  * Debugger PIN: 105-392-090
2025-04-04 13:39:15,934 - INFO - Starting ColabDock task ID: f8d849d5-8ac4-477c-afa0-52251db359bf
2025-04-04 13:39:15,934 - INFO - Executing ColabDock command:

    source ~/miniconda3/etc/profile.d/conda.sh &&     conda activate colabdock &&     cd /home/texsols/BioTasks/tasks/ColabDock &&     cp "/home/texsols/BioTasks/uploads/f8d849d5-8ac4-477c-afa0-52251db359bf_AF-A0A7L5GP87-F1-model_v4.pdb" ./input.pdb &&     python main.py -c config.py > "/home/texsols/BioTasks/outputs/colabdock_output/f8d849d5-8ac4-477c-afa0-52251db359bf/f8d849d5-8ac4-477c-afa0-52251db359bf.log" 2>&1 &&     mv results/* "/home/texsols/BioTasks/outputs/colabdock_output/f8d849d5-8ac4-477c-afa0-52251db359bf/"
    
