/home/texsols/miniconda3/envs/antifold_cpu/lib/python3.9/site-packages/networkx/utils/backends.py:135: RuntimeWarning: networkx backend defined more than once: nx-loopback
  backends.update(_get_backends("networkx.backends"))
[2025-03-16 20:05:22,680] Running inverse folding on PDB/CIFs ...
[2025-03-16 20:05:22,682] Will sample 10 sequences from 1 PDBs at temperature(s) [0.2] and regions: ['CDR1,CDR2,CDR3']
[2025-03-16 21:07:03,730] Loaded model to cpu.
[2025-03-16 21:07:03,849] Reading in (1) PDBs from DataFrame
[2025-03-16 21:07:04,670] Predicting batch 1/1: PDBs 1-1 out of 1 total
[2025-03-16 21:07:22,495] Saving 1 CSVs to antifold_output
[2025-03-16 21:07:22,506] Writing 8ee8_imgt_CD per-residue log probs CSV to antifold_output/8ee8_imgt_CD.csv
[2025-03-16 21:07:22,565] 8ee8_imgt_CD: , score=0.9257, global_score=0.9257, regions=['CDR1,CDR2,CDR3'], model_name=AntiFold, seed=42
[2025-03-16 21:07:22,587] 8ee8_imgt_CD__1: T=0.20, sample=1, score=nan, global_score=0.9257, seq_recovery=1.0000, mutations=0
[2025-03-16 21:07:22,624] 8ee8_imgt_CD__2: T=0.20, sample=2, score=nan, global_score=0.9257, seq_recovery=1.0000, mutations=0
[2025-03-16 21:07:22,647] 8ee8_imgt_CD__3: T=0.20, sample=3, score=nan, global_score=0.9257, seq_recovery=1.0000, mutations=0
[2025-03-16 21:07:22,675] 8ee8_imgt_CD__4: T=0.20, sample=4, score=nan, global_score=0.9257, seq_recovery=1.0000, mutations=0
[2025-03-16 21:07:22,698] 8ee8_imgt_CD__5: T=0.20, sample=5, score=nan, global_score=0.9257, seq_recovery=1.0000, mutations=0
[2025-03-16 21:07:22,729] 8ee8_imgt_CD__6: T=0.20, sample=6, score=nan, global_score=0.9257, seq_recovery=1.0000, mutations=0
[2025-03-16 21:07:22,755] 8ee8_imgt_CD__7: T=0.20, sample=7, score=nan, global_score=0.9257, seq_recovery=1.0000, mutations=0
[2025-03-16 21:07:22,779] 8ee8_imgt_CD__8: T=0.20, sample=8, score=nan, global_score=0.9257, seq_recovery=1.0000, mutations=0
[2025-03-16 21:07:22,804] 8ee8_imgt_CD__9: T=0.20, sample=9, score=nan, global_score=0.9257, seq_recovery=1.0000, mutations=0
[2025-03-16 21:07:22,832] 8ee8_imgt_CD__10: T=0.20, sample=10, score=nan, global_score=0.9257, seq_recovery=1.0000, mutations=0
[2025-03-16 21:07:22,841] Saving to antifold_output/8ee8_imgt_CD.fasta
