/home/texsols/miniconda3/envs/antifold_cpu/lib/python3.9/site-packages/networkx/utils/backends.py:135: RuntimeWarning: networkx backend defined more than once: nx-loopback
  backends.update(_get_backends("networkx.backends"))
[2025-03-16 17:53:12,111] Running inverse folding on PDB/CIFs ...
[2025-03-16 17:53:12,118] Will sample 10 sequences from 1 PDBs at temperature(s) [0.2] and regions: ['CDR1,CDR2,CDR3']
[2025-03-16 17:53:22,986] Loaded model to cpu.
[2025-03-16 17:53:23,007] Reading in (1) PDBs from DataFrame
[2025-03-16 17:53:23,279] Predicting batch 1/1: PDBs 1-1 out of 1 total
[2025-03-16 17:53:40,788] Saving 1 CSVs to antifold_output
[2025-03-16 17:53:40,802] Writing 8ee8_imgt_CD per-residue log probs CSV to antifold_output/8ee8_imgt_CD.csv
[2025-03-16 17:53:40,852] 8ee8_imgt_CD: , score=0.9257, global_score=0.9257, regions=['CDR1,CDR2,CDR3'], model_name=AntiFold, seed=42
[2025-03-16 17:53:40,879] 8ee8_imgt_CD__1: T=0.20, sample=1, score=nan, global_score=0.9257, seq_recovery=1.0000, mutations=0
[2025-03-16 17:53:40,907] 8ee8_imgt_CD__2: T=0.20, sample=2, score=nan, global_score=0.9257, seq_recovery=1.0000, mutations=0
[2025-03-16 17:53:40,936] 8ee8_imgt_CD__3: T=0.20, sample=3, score=nan, global_score=0.9257, seq_recovery=1.0000, mutations=0
[2025-03-16 17:53:40,963] 8ee8_imgt_CD__4: T=0.20, sample=4, score=nan, global_score=0.9257, seq_recovery=1.0000, mutations=0
[2025-03-16 17:53:40,991] 8ee8_imgt_CD__5: T=0.20, sample=5, score=nan, global_score=0.9257, seq_recovery=1.0000, mutations=0
[2025-03-16 17:53:41,019] 8ee8_imgt_CD__6: T=0.20, sample=6, score=nan, global_score=0.9257, seq_recovery=1.0000, mutations=0
[2025-03-16 17:53:41,041] 8ee8_imgt_CD__7: T=0.20, sample=7, score=nan, global_score=0.9257, seq_recovery=1.0000, mutations=0
[2025-03-16 17:53:41,070] 8ee8_imgt_CD__8: T=0.20, sample=8, score=nan, global_score=0.9257, seq_recovery=1.0000, mutations=0
[2025-03-16 17:53:41,097] 8ee8_imgt_CD__9: T=0.20, sample=9, score=nan, global_score=0.9257, seq_recovery=1.0000, mutations=0
[2025-03-16 17:53:41,125] 8ee8_imgt_CD__10: T=0.20, sample=10, score=nan, global_score=0.9257, seq_recovery=1.0000, mutations=0
[2025-03-16 17:53:41,128] Saving to antifold_output/8ee8_imgt_CD.fasta
